2026-03-22 20:52:26 INFO  : Starting Laba1Application using Java 25.0.2 with PID 86107 (/Users/egorleskovskey/java/laba1/build/classes/java/main started by egorleskovskey in /Users/egorleskovskey/java/laba1)
2026-03-22 20:52:26 DEBUG : Running with Spring Boot v4.0.2, Spring v7.0.3
2026-03-22 20:52:26 INFO  : No active profile set, falling back to 1 default profile: "default"
2026-03-22 20:52:27 INFO  : HV000001: Hibernate Validator 9.0.1.Final
2026-03-22 20:52:27 INFO  : Bootstrapping Spring Data JPA repositories in DEFAULT mode.
2026-03-22 20:52:27 INFO  : Finished Spring Data repository scanning in 28 ms. Found 6 JPA repository interfaces.
2026-03-22 20:52:27 INFO  : Tomcat initialized with port 8080 (http)
2026-03-22 20:52:27 INFO  : Initializing ProtocolHandler ["http-nio-8080"]
2026-03-22 20:52:27 INFO  : Starting service [Tomcat]
2026-03-22 20:52:27 INFO  : Starting Servlet engine: [Apache Tomcat/11.0.15]
2026-03-22 20:52:27 INFO  : Root WebApplicationContext: initialization completed in 657 ms
2026-03-22 20:52:27 INFO  : HHH008540: Processing PersistenceUnitInfo [name: default]
2026-03-22 20:52:27 INFO  : HHH000001: Hibernate ORM core version 7.2.1.Final
2026-03-22 20:52:28 INFO  : No LoadTimeWeaver setup: ignoring JPA class transformer
2026-03-22 20:52:28 INFO  : HikariPool-1 - Starting...
2026-03-22 20:52:28 INFO  : HikariPool-1 - Added connection org.postgresql.jdbc.PgConnection@71df5f30
2026-03-22 20:52:28 INFO  : HikariPool-1 - Start completed.
2026-03-22 20:52:28 WARN  : HHH90000025: PostgreSQLDialect does not need to be specified explicitly using 'hibernate.dialect' (remove the property setting and it will be selected by default)
2026-03-22 20:52:28 INFO  : HHH10001005: Database info:
	Database JDBC URL [jdbc:postgresql://localhost:5432/postgres]
	Database driver: PostgreSQL JDBC Driver
	Database dialect: PostgreSQLDialect
	Database version: 18.2
	Default catalog/schema: postgres/public
	Autocommit mode: undefined/unknown
	Isolation level: READ_COMMITTED [default READ_COMMITTED]
	JDBC fetch size: none
	Pool: DataSourceConnectionProvider
	Minimum pool size: undefined/unknown
	Maximum pool size: undefined/unknown
2026-03-22 20:52:28 INFO  : HHH000489: No JTA platform available (set 'hibernate.transaction.jta.platform' to enable JTA platform integration)
2026-03-22 20:52:28 WARN  : HHH000247: ErrorCode: 0, SQLState: 00000
2026-03-22 20:52:28 WARN  : drop cascades to 3 other objects
2026-03-22 20:52:28 INFO  : Initialized JPA EntityManagerFactory for persistence unit 'default'
2026-03-22 20:52:28 INFO  : Hibernate is in classpath; If applicable, HQL parser will be used.
2026-03-22 20:52:29 WARN  : spring.jpa.open-in-view is enabled by default. Therefore, database queries may be performed during view rendering. Explicitly configure spring.jpa.open-in-view to disable this warning
2026-03-22 20:52:29 INFO  : Starting ProtocolHandler ["http-nio-8080"]
2026-03-22 20:52:29 INFO  : Tomcat started on port 8080 (http) with context path '/'
2026-03-22 20:52:29 INFO  : Started Laba1Application in 2.623 seconds (process running for 2.892)
2026-03-22 20:53:12 INFO  : Initializing Spring DispatcherServlet 'dispatcherServlet'
2026-03-22 20:53:12 INFO  : Initializing Servlet 'dispatcherServlet'
2026-03-22 20:53:12 INFO  : Completed initialization in 1 ms
2026-03-22 20:53:12 ERROR : Validation failed for argument [0] in public com.example.fooddelivery.dto.dish.DishDto com.example.fooddelivery.controller.DishController.createDish(com.example.fooddelivery.dto.dish.DishCreateDto) with 3 errors: [Field error in object 'dishCreateDto' on field 'name': rejected value []; codes [NotBlank.dishCreateDto.name,NotBlank.name,NotBlank.java.lang.String,NotBlank]; arguments [org.springframework.context.support.DefaultMessageSourceResolvable: codes [dishCreateDto.name,name]; arguments []; default message [name]]; default message [не должно быть пустым]] [Field error in object 'dishCreateDto' on field 'name': rejected value []; codes [Size.dishCreateDto.name,Size.name,Size.java.lang.String,Size]; arguments [org.springframework.context.support.DefaultMessageSourceResolvable: codes [dishCreateDto.name,name]; arguments []; default message [name],64,1]; default message [размер должен находиться в диапазоне от 1 до 64]] [Field error in object 'dishCreateDto' on field 'price': rejected value [-1.0]; codes [Positive.dishCreateDto.price,Positive.price,Positive.double,Positive]; arguments [org.springframework.context.support.DefaultMessageSourceResolvable: codes [dishCreateDto.price,price]; arguments []; default message [price]]; default message [должно быть больше 0]] 
2026-03-22 21:02:46 INFO  : Commencing graceful shutdown. Waiting for active requests to complete
2026-03-22 21:02:46 INFO  : Graceful shutdown complete
2026-03-22 21:02:46 INFO  : Closing JPA EntityManagerFactory for persistence unit 'default'
2026-03-22 21:02:46 INFO  : HikariPool-1 - Shutdown initiated...
2026-03-22 21:02:46 INFO  : HikariPool-1 - Shutdown completed.
2026-03-22 21:02:48 INFO  : Starting Laba1Application using Java 25.0.2 with PID 86241 (/Users/egorleskovskey/java/laba1/build/classes/java/main started by egorleskovskey in /Users/egorleskovskey/java/laba1)
2026-03-22 21:02:48 DEBUG : Running with Spring Boot v4.0.2, Spring v7.0.3
2026-03-22 21:02:48 INFO  : No active profile set, falling back to 1 default profile: "default"
2026-03-22 21:02:48 INFO  : HV000001: Hibernate Validator 9.0.1.Final
2026-03-22 21:02:48 INFO  : Bootstrapping Spring Data JPA repositories in DEFAULT mode.
2026-03-22 21:02:48 INFO  : Finished Spring Data repository scanning in 30 ms. Found 6 JPA repository interfaces.
2026-03-22 21:02:48 INFO  : Tomcat initialized with port 8080 (http)
2026-03-22 21:02:48 INFO  : Initializing ProtocolHandler ["http-nio-8080"]
2026-03-22 21:02:48 INFO  : Starting service [Tomcat]
2026-03-22 21:02:48 INFO  : Starting Servlet engine: [Apache Tomcat/11.0.15]
2026-03-22 21:02:48 INFO  : Root WebApplicationContext: initialization completed in 726 ms
2026-03-22 21:02:49 INFO  : HHH008540: Processing PersistenceUnitInfo [name: default]
2026-03-22 21:02:49 INFO  : HHH000001: Hibernate ORM core version 7.2.1.Final
2026-03-22 21:02:49 INFO  : No LoadTimeWeaver setup: ignoring JPA class transformer
2026-03-22 21:02:49 INFO  : HikariPool-1 - Starting...
2026-03-22 21:02:49 INFO  : HikariPool-1 - Added connection org.postgresql.jdbc.PgConnection@7d49a1a0
2026-03-22 21:02:49 INFO  : HikariPool-1 - Start completed.
2026-03-22 21:02:49 WARN  : HHH90000025: PostgreSQLDialect does not need to be specified explicitly using 'hibernate.dialect' (remove the property setting and it will be selected by default)
2026-03-22 21:02:49 INFO  : HHH10001005: Database info:
	Database JDBC URL [jdbc:postgresql://localhost:5432/postgres]
	Database driver: PostgreSQL JDBC Driver
	Database dialect: PostgreSQLDialect
	Database version: 18.2
	Default catalog/schema: postgres/public
	Autocommit mode: undefined/unknown
	Isolation level: READ_COMMITTED [default READ_COMMITTED]
	JDBC fetch size: none
	Pool: DataSourceConnectionProvider
	Minimum pool size: undefined/unknown
	Maximum pool size: undefined/unknown
2026-03-22 21:02:49 INFO  : HHH000489: No JTA platform available (set 'hibernate.transaction.jta.platform' to enable JTA platform integration)
2026-03-22 21:02:49 WARN  : HHH000247: ErrorCode: 0, SQLState: 00000
2026-03-22 21:02:49 WARN  : drop cascades to 3 other objects
2026-03-22 21:02:49 INFO  : Initialized JPA EntityManagerFactory for persistence unit 'default'
2026-03-22 21:02:49 INFO  : Hibernate is in classpath; If applicable, HQL parser will be used.
2026-03-22 21:02:50 WARN  : spring.jpa.open-in-view is enabled by default. Therefore, database queries may be performed during view rendering. Explicitly configure spring.jpa.open-in-view to disable this warning
2026-03-22 21:02:50 INFO  : Starting ProtocolHandler ["http-nio-8080"]
2026-03-22 21:02:50 INFO  : Tomcat started on port 8080 (http) with context path '/'
2026-03-22 21:02:50 INFO  : Started Laba1Application in 2.605 seconds (process running for 2.872)
2026-03-22 21:02:54 INFO  : Initializing Spring DispatcherServlet 'dispatcherServlet'
2026-03-22 21:02:54 INFO  : Initializing Servlet 'dispatcherServlet'
2026-03-22 21:02:54 INFO  : Completed initialization in 1 ms
2026-03-22 21:02:54 ERROR : Validation failed for request:
2026-03-22 21:02:54 ERROR :   --> name: не должно быть пустым
2026-03-22 21:02:54 ERROR :   --> price: должно быть больше 0
2026-03-22 21:02:54 ERROR :   --> name: размер должен находиться в диапазоне от 1 до 64
